// Jest Snapshot v1, https://goo.gl/fbAQLP

exports[`renders with or without a name 1`] = `
<div>
  <input
    id="acer"
    name="acer"
    onChange={[Function]}
    type="checkbox"
  />
  <label
    className="category-name"
    htmlFor="acer"
  >
    Acer
  </label>
</div>
`;

exports[`renders with or without a name2 1`] = `
Array [
  <div
    className="category-company"
  >
    <h3
      className="filters__header category-header"
    >
      Company
      :
    </h3>
    <div>
      <input
        id="acer"
        name="acer"
        onChange={[Function]}
        type="checkbox"
      />
      <label
        className="category-name"
        htmlFor="acer"
      >
        Acer
      </label>
    </div>
    <div>
      <input
        id="apple"
        name="apple"
        onChange={[Function]}
        type="checkbox"
      />
      <label
        className="category-name"
        htmlFor="apple"
      >
        Apple
      </label>
    </div>
    <div>
      <input
        id="asus"
        name="asus"
        onChange={[Function]}
        type="checkbox"
      />
      <label
        className="category-name"
        htmlFor="asus"
      >
        Asus
      </label>
    </div>
    <div>
      <input
        id="honor"
        name="honor"
        onChange={[Function]}
        type="checkbox"
      />
      <label
        className="category-name"
        htmlFor="honor"
      >
        Honor
      </label>
    </div>
    <div>
      <input
        id="hp"
        name="hp"
        onChange={[Function]}
        type="checkbox"
      />
      <label
        className="category-name"
        htmlFor="hp"
      >
        Hp
      </label>
    </div>
    <div>
      <input
        id="huawey"
        name="huawey"
        onChange={[Function]}
        type="checkbox"
      />
      <label
        className="category-name"
        htmlFor="huawey"
      >
        Huawey
      </label>
    </div>
    <div>
      <input
        id="lenovo"
        name="lenovo"
        onChange={[Function]}
        type="checkbox"
      />
      <label
        className="category-name"
        htmlFor="lenovo"
      >
        Lenovo
      </label>
    </div>
    <div>
      <input
        id="msi"
        name="msi"
        onChange={[Function]}
        type="checkbox"
      />
      <label
        className="category-name"
        htmlFor="msi"
      >
        Msi
      </label>
    </div>
  </div>,
  <div
    className="category-cpu"
  >
    <h3
      className="filters__header category-header"
    >
      CPU
      :
    </h3>
    <div>
      <input
        id="amd"
        name="amd"
        onChange={[Function]}
        type="checkbox"
      />
      <label
        className="category-name"
        htmlFor="amd"
      >
        Amd
      </label>
    </div>
    <div>
      <input
        id="intel"
        name="intel"
        onChange={[Function]}
        type="checkbox"
      />
      <label
        className="category-name"
        htmlFor="intel"
      >
        Intel
      </label>
    </div>
    <div>
      <input
        id="m1"
        name="m1"
        onChange={[Function]}
        type="checkbox"
      />
      <label
        className="category-name"
        htmlFor="m1"
      >
        M1
      </label>
    </div>
  </div>,
  <div
    className="category-ram"
  >
    <h3
      className="filters__header category-header"
    >
      RAM(gb)
      :
    </h3>
    <div>
      <input
        id="8"
        name="8"
        onChange={[Function]}
        type="checkbox"
      />
      <label
        className="category-name"
        htmlFor="8"
      >
        8
      </label>
    </div>
    <div>
      <input
        id="16"
        name="16"
        onChange={[Function]}
        type="checkbox"
      />
      <label
        className="category-name"
        htmlFor="16"
      >
        16
      </label>
    </div>
  </div>,
  <div
    className="category-ssd"
  >
    <h3
      className="filters__header category-header"
    >
      SSD(gb)
      :
    </h3>
    <div>
      <input
        id="256"
        name="256"
        onChange={[Function]}
        type="checkbox"
      />
      <label
        className="category-name"
        htmlFor="256"
      >
        256
      </label>
    </div>
    <div>
      <input
        id="512"
        name="512"
        onChange={[Function]}
        type="checkbox"
      />
      <label
        className="category-name"
        htmlFor="512"
      >
        512
      </label>
    </div>
  </div>,
]
`;
